  df = pd.read_sql(sql, conn, params=params)
--- SANITY: forward_label='spot' => forward_start_years range (1 rows, 21.4s) ---
  forward_label      n        mn        mx
0          spot  67982 -0.091667  0.019178

  df = pd.read_sql(sql, conn, params=params)
--- last 60 published days (head) (60 rows, 3.5s) ---
    as_of_date
0   2026-08-07
1   2026-08-06
2   2026-08-05
3   2026-08-04
4   2026-08-03
5   2026-07-31
6   2026-07-30
7   2026-07-29
8   2026-07-28
9   2026-07-27
10  2026-07-24
11  2026-07-23
12  2026-07-22
13  2026-07-21
14  2026-07-20
15  2026-07-17
16  2026-07-16
17  2026-07-15
18  2026-07-14
19  2026-07-13
20  2026-07-10
21  2026-07-09
22  2026-07-08
23  2026-07-07
24  2026-07-06
25  2026-07-02
26  2026-07-01
27  2026-06-30
28  2026-06-29
29  2026-06-26
30  2026-06-25
31  2026-06-24
32  2026-06-23
33  2026-06-22
34  2026-06-18
35  2026-06-17
36  2026-06-16
37  2026-06-15
38  2026-06-12
39  2026-06-11
40  2026-06-10
41  2026-06-09
42  2026-06-08
43  2026-06-05
44  2026-06-04
45  2026-06-03
46  2026-06-02
47  2026-06-01
48  2026-05-29
49  2026-05-28
50  2026-05-27
51  2026-05-26
52  2026-05-22
53  2026-05-21
54  2026-05-20
55  2026-05-19
56  2026-05-18
57  2026-05-15
58  2026-05-14
59  2026-05-13

WINDOW: 2026-05-13 .. 2026-08-07  (60 published days)

  df = pd.read_sql(KEYSQL, conn)
MAIN PULL: 36991 units in 1.6s

  df = pd.read_sql(sql, conn, params=params)
--- grid tenor sets sample (raw) (132 rows, 1.8s) ---
      grid_date rate_index tenor_label
0    2024-09-16  FED_FUNDS         10Y
1    2024-09-16  FED_FUNDS         18M
2    2024-09-16  FED_FUNDS          1M
3    2024-09-16  FED_FUNDS          1Y
4    2024-09-16  FED_FUNDS          2M
5    2024-09-16  FED_FUNDS          2Y
6    2024-09-16  FED_FUNDS          3M
7    2024-09-16  FED_FUNDS          3Y
8    2024-09-16  FED_FUNDS          4M
9    2024-09-16  FED_FUNDS          5Y
10   2024-09-16  FED_FUNDS          6M
11   2024-09-16  FED_FUNDS          9M
12   2024-09-16       SOFR         10Y
13   2024-09-16       SOFR         12Y
14   2024-09-16       SOFR         15Y
15   2024-09-16       SOFR         18M
16   2024-09-16       SOFR          1M
17   2024-09-16       SOFR          1Y
18   2024-09-16       SOFR         20Y
19   2024-09-16       SOFR         25Y
20   2024-09-16       SOFR          2M
21   2024-09-16       SOFR          2Y
22   2024-09-16       SOFR         30Y
23   2024-09-16       SOFR          3M
24   2024-09-16       SOFR          3Y
25   2024-09-16       SOFR          4Y
26   2024-09-16       SOFR          5Y
27   2024-09-16       SOFR          6M
28   2024-09-16       SOFR          6Y
29   2024-09-16       SOFR          7Y
30   2024-09-16       SOFR          8Y
31   2024-09-16       SOFR          9M
32   2024-09-16       SOFR          9Y
33   2025-11-14  FED_FUNDS         10Y
34   2025-11-14  FED_FUNDS         18M
35   2025-11-14  FED_FUNDS          1M
36   2025-11-14  FED_FUNDS          1Y
37   2025-11-14  FED_FUNDS          2M
38   2025-11-14  FED_FUNDS          2Y
39   2025-11-14  FED_FUNDS          3M
40   2025-11-14  FED_FUNDS          3Y
41   2025-11-14  FED_FUNDS          4M
42   2025-11-14  FED_FUNDS          5Y
43   2025-11-14  FED_FUNDS          6M
44   2025-11-14  FED_FUNDS          9M
45   2025-11-14       SOFR         10Y
46   2025-11-14       SOFR         12Y
47   2025-11-14       SOFR         15Y
48   2025-11-14       SOFR         18M
49   2025-11-14       SOFR          1M
50   2025-11-14       SOFR          1Y
51   2025-11-14       SOFR         20Y
52   2025-11-14       SOFR         25Y
53   2025-11-14       SOFR          2M
54   2025-11-14       SOFR          2Y
55   2025-11-14       SOFR         30Y
56   2025-11-14       SOFR          3M
57   2025-11-14       SOFR          3Y
58   2025-11-14       SOFR          4Y
59   2025-11-14       SOFR          5Y
60   2025-11-14       SOFR          6M
61   2025-11-14       SOFR          6Y
62   2025-11-14       SOFR          7Y
63   2025-11-14       SOFR          8Y
64   2025-11-14       SOFR          9M
65   2025-11-14       SOFR          9Y
66   2026-05-15  FED_FUNDS         10Y
67   2026-05-15  FED_FUNDS         18M
68   2026-05-15  FED_FUNDS          1M
69   2026-05-15  FED_FUNDS          1Y
70   2026-05-15  FED_FUNDS          2M
71   2026-05-15  FED_FUNDS          2Y
72   2026-05-15  FED_FUNDS          3M
73   2026-05-15  FED_FUNDS          3Y
74   2026-05-15  FED_FUNDS          4M
75   2026-05-15  FED_FUNDS          5Y
76   2026-05-15  FED_FUNDS          6M
77   2026-05-15  FED_FUNDS          9M
78   2026-05-15       SOFR         10Y
79   2026-05-15       SOFR         12Y
80   2026-05-15       SOFR         15Y
81   2026-05-15       SOFR         18M
82   2026-05-15       SOFR          1M
83   2026-05-15       SOFR          1Y
84   2026-05-15       SOFR         20Y
85   2026-05-15       SOFR         25Y
86   2026-05-15       SOFR          2M
87   2026-05-15       SOFR          2Y
88   2026-05-15       SOFR         30Y
89   2026-05-15       SOFR          3M
90   2026-05-15       SOFR          3Y
91   2026-05-15       SOFR          4Y
92   2026-05-15       SOFR          5Y
93   2026-05-15       SOFR          6M
94   2026-05-15       SOFR          6Y
95   2026-05-15       SOFR          7Y
96   2026-05-15       SOFR          8Y
97   2026-05-15       SOFR          9M
98   2026-05-15       SOFR          9Y
99   2026-08-07  FED_FUNDS         10Y
100  2026-08-07  FED_FUNDS         18M
101  2026-08-07  FED_FUNDS          1M
102  2026-08-07  FED_FUNDS          1Y
103  2026-08-07  FED_FUNDS          2M
104  2026-08-07  FED_FUNDS          2Y
105  2026-08-07  FED_FUNDS          3M
106  2026-08-07  FED_FUNDS          3Y
107  2026-08-07  FED_FUNDS          4M
108  2026-08-07  FED_FUNDS          5Y
109  2026-08-07  FED_FUNDS          6M
110  2026-08-07  FED_FUNDS          9M
111  2026-08-07       SOFR         10Y
112  2026-08-07       SOFR         12Y
113  2026-08-07       SOFR         15Y
114  2026-08-07       SOFR         18M
115  2026-08-07       SOFR          1M
116  2026-08-07       SOFR          1Y
117  2026-08-07       SOFR         20Y
118  2026-08-07       SOFR         25Y
119  2026-08-07       SOFR          2M
120  2026-08-07       SOFR          2Y
121  2026-08-07       SOFR         30Y
122  2026-08-07       SOFR          3M
123  2026-08-07       SOFR          3Y
124  2026-08-07       SOFR          4Y
125  2026-08-07       SOFR          5Y
126  2026-08-07       SOFR          6M
127  2026-08-07       SOFR          6Y
128  2026-08-07       SOFR          7Y
129  2026-08-07       SOFR          8Y
130  2026-08-07       SOFR          9M
131  2026-08-07       SOFR          9Y

    grid_date rate_index   n
0  2024-09-16  FED_FUNDS  12
1  2024-09-16       SOFR  21
2  2025-11-14  FED_FUNDS  12
3  2025-11-14       SOFR  21
4  2026-05-15  FED_FUNDS  12
5  2026-05-15       SOFR  21
6  2026-08-07  FED_FUNDS  12
7  2026-08-07       SOFR  21
distinct tenor sets per rate_index:
  FED_FUNDS: 1 distinct set(s) across 4 sampled days
    n=12 ['10Y', '18M', '1M', '1Y', '2M', '2Y', '3M', '3Y', '4M', '5Y', '6M', '9M']
  SOFR: 1 distinct set(s) across 4 sampled days
    n=21 ['10Y', '12Y', '15Y', '18M', '1M', '1Y', '20Y', '25Y', '2M', '2Y', '30Y', '3M', '3Y', '4Y', '5Y', '6M', '6Y', '7Y', '8Y', '9M', '9Y']
DONE
