--- venue_class (3 rows, 0.2s) ---
venue_class | n
D2C | 145349
D2D | 14917
VENUE_UNKNOWN | 6821

--- unit special_tenor_type x kind (11 rows, 0.1s) ---
special_tenor_type | kind | n
STANDARD | CURVE | 12017
IMM | CURVE | 9896
STANDARD | FLY | 7311
IMM | FLY | 4890
FOMC | CURVE | 1832
MATCHED_MATURITY | CURVE | 1529
INVOICE_SWAP | CURVE | 252
MATCHED_MATURITY | FLY | 244
FOMC | FLY | 144
MAC | CURVE | 15
MAC | FLY | 3

--- exclusion_reason CURVE/FLY (8 rows, 0.1s) ---
exclusion_reason | n
 | 34047
UNORIENTABLE_PKG | 3063
NO_CURVE | 467
PRICING_ERROR | 405
UNSUPPORTED_INDEX | 96
RISK_IMPLAUSIBLE | 48
STANDARD_COUPON | 5
NOT_ECONOMIC_FLOW | 2

--- leg_order vs date-order agreement (2 rows, 0.6s) ---
kind | n_legs | n_mismatch
CURVE | 51082 | 1064
FLY | 37776 | 1028

--- n_legs vs joined leg count (2 rows, 0.6s) ---
kind | n_legs | n_joined | n
CURVE | 2 | 2 | 25541
FLY | 3 | 3 | 12592

--- fuzzy tenor_display -> tenor_label (40 rows, 0.3s) ---
tenor_display | tenor_label | n
~7Y | 7Y | 803
~4Y | 4Y | 690
~10Y | 10Y | 541
~5Y | 5Y | 495
~9Y | 9Y | 381
~30Y | 30Y | 340
~3Y | 3Y | 325
~26Y | 26Y | 212
~20Y | 20Y | 205
~17Y | 17Y | 164
~2Y | 2Y | 161
~22M | ~22M | 125
~21M | ~21M | 96
~18Y | 18Y | 89
~6Y | 6Y | 81
~27Y | 27Y | 78
~23M | ~23M | 77
~8Y | 8Y | 76
~19Y | 19Y | 52
~20M | ~20M | 49
~28Y | 28Y | 42
~15Y | 15Y | 29
~17M | ~17M | 27
~19M | ~19M | 24
~25Y | 25Y | 24
~14Y | 14Y | 17
~29Y | 29Y | 17
~16Y | 16Y | 16
~14M | ~14M | 15
~13M | ~13M | 11
~24Y | 24Y | 11
~16M | ~16M | 10
~11Y | 11Y | 7
~1Y | 1Y | 7
~35Y | 35Y | 6
~18M | ~18M | 5
~22Y | 22Y | 4
~21Y | 21Y | 4
~31Y | 31Y | 3
~23Y | 23Y | 3

--- forward_label/bucket (40 rows, 0.4s) ---
forward_label | forward_bucket | n
spot | spot | 49324
FOMC_20260916 | 3Y+ | 14235
FOMC_20260617 | 3Y+ | 7414
IMM_Z2026 | 3Y+ | 2091
FOMC_20261028 | 3Y+ | 882
FOMC_20260729 | 3Y+ | 801
FOMC_20261209 | 3Y+ | 665
IMM_M2027 | 3Y+ | 480
2M | 2M | 425
1M | 1M | 404
3M | 3M | 380
IMM_M2031 | 3Y+ | 349
FOMC_20270317 | 3Y+ | 335
5Y | 3Y+ | 324
1Y | 1Y | 306
IMM_M2029 | 3Y+ | 255
IMM_M2028 | 3Y+ | 247
IMM_U2031 | 3Y+ | 242
IMM_M2030 | 3Y+ | 230
4M | 3Y+ | 225
FOMC_20270127 | 3Y+ | 219
10Y | 3Y+ | 215
IMM_M2036 | 3Y+ | 212
FOMC_20270915 | 3Y+ | 210
3Y | 3Y+ | 195
2Y | 2Y | 189
IMM_U2036 | 3Y+ | 167
2W | 2W | 140
IMM_M2041 | 3Y+ | 118
IMM_U2028 | 3Y+ | 114
4Y11M | 3Y+ | 105
15Y | 3Y+ | 102
IMM_M2033 | 3Y+ | 99
3W | 3Y+ | 96
6M | 6M | 94
7Y | 3Y+ | 86
IMM_M2046 | 3Y+ | 86
IMM_H2028 | 3Y+ | 86
IMM_H2031 | 3Y+ | 85
IMM_M2032 | 3Y+ | 84

--- tape_label variants (CURVE SOFR) (30 rows, 0.6s) ---
tape_label | n
USD-SOFR-COMPOUND 1D Constant PKG-2 PHYS | 2621
USD-SOFR-OIS Compound 1D Constant PKG-2 PHYS | 2566
USD-SOFR-COMPOUND 1D Constant IMM_U2026 3Y/5Y CURVE PHYS | 649
USD-SOFR-OIS Compound 1D Constant PKG-2 MMS PHYS | 632
USD-SOFR-COMPOUND 1D Constant Spot 5Y/30Y CURVE PHYS | 613
USD-SOFR-COMPOUND 1D Constant PKG-2 MMS PHYS | 576
USD-SOFR-COMPOUND 1D Constant Spot 2Y/10Y CURVE PHYS | 563
USD-SOFR-COMPOUND 1D Constant IMM_M2026 3Y/5Y CURVE PHYS | 533
USD-SOFR-OIS Compound 1D Constant Spot 5Y/10Y SPREADOVER_CURVE PHYS | 533
USD-SOFR-COMPOUND 1D Constant Spot 2Y/30Y CURVE PHYS | 512
USD-SOFR-OIS Compound 1D Constant Spot 10Y/30Y SPREADOVER_CURVE PHYS | 509
USD-SOFR-OIS Compound 1D Constant IMM_U2026 2Y/10Y CURVE PHYS | 411
USD-SOFR-OIS Compound 1D Constant Spot 2Y/10Y CURVE PHYS | 356
USD-SOFR-COMPOUND 1D Constant Spot 5Y/10Y CURVE PHYS | 339
USD-SOFR-COMPOUND 1D Constant Spot 10Y/30Y CURVE PHYS | 334
USD-SOFR-OIS Compound 1D Constant Spot 5Y/30Y CURVE PHYS | 285
USD-SOFR-COMPOUND 1D Constant IMM_U2026 2Y/5Y CURVE PHYS | 285
USD-SOFR-COMPOUND 1D Constant Spot 2Y/5Y CURVE PHYS | 256
USD-SOFR-OIS Compound 1D Constant IMM_U2026 10Y/30Y CURVE PHYS | 229
USD-SOFR-OIS Compound 1D Constant Spot 2Y/5Y CURVE PHYS | 207
USD-SOFR-OIS Compound 1D Constant Spot 5Y/30Y SPREADOVER_CURVE PHYS | 184
USD-SOFR-OIS Compound 1D Constant Spot 10Y/30Y CURVE PHYS | 172
USD-SOFR-OIS Compound 1D Constant IMM_U2026 5Y/30Y CURVE PHYS | 167
USD-SOFR-OIS Compound 1D Constant IMM_U2026 5Y/10Y CURVE PHYS | 166
USD-SOFR-COMPOUND 1D Constant IMM_U2026 2Y/10Y CURVE PHYS | 160
USD-SOFR-COMPOUND 1D Constant IMM_U2026 5Y/30Y CURVE PHYS | 149
USD-SOFR-COMPOUND 1D Constant Spot 3Y/5Y CURVE PHYS | 146
USD-SOFR-OIS Compound 1D Constant IMM_M2026 2Y/10Y CURVE PHYS | 145
USD-SOFR-OIS Compound 1D Constant IMM_M2026 10Y/30Y CURVE PHYS | 139
USD-SOFR-COMPOUND 1D Constant IMM_M2026 2Y/5Y CURVE PHYS | 131

--- normalized_tape_label variants (CURVE SOFR) (30 rows, 0.4s) ---
normalized_tape_label | n
USD-SOFR-COMPOUND 1D CONSTANT PKG-2 PHYS | 2621
USD-SOFR-OIS COMPOUND 1D CONSTANT PKG-2 PHYS | 2566
USD-SOFR-COMPOUND 1D CONSTANT IMM_U2026 3Y/5Y CURVE PHYS | 649
USD-SOFR-OIS COMPOUND 1D CONSTANT PKG-2 MMS PHYS | 632
USD-SOFR-COMPOUND 1D CONSTANT SPOT 5Y/30Y CURVE PHYS | 613
USD-SOFR-COMPOUND 1D CONSTANT PKG-2 MMS PHYS | 576
USD-SOFR-COMPOUND 1D CONSTANT SPOT 2Y/10Y CURVE PHYS | 563
USD-SOFR-COMPOUND 1D CONSTANT IMM_M2026 3Y/5Y CURVE PHYS | 533
USD-SOFR-OIS COMPOUND 1D CONSTANT SPOT 5Y/10Y SPREADOVER_CURVE PHYS | 533
USD-SOFR-COMPOUND 1D CONSTANT SPOT 2Y/30Y CURVE PHYS | 512
USD-SOFR-OIS COMPOUND 1D CONSTANT SPOT 10Y/30Y SPREADOVER_CURVE PHYS | 509
USD-SOFR-OIS COMPOUND 1D CONSTANT IMM_U2026 2Y/10Y CURVE PHYS | 411
USD-SOFR-OIS COMPOUND 1D CONSTANT SPOT 2Y/10Y CURVE PHYS | 356
USD-SOFR-COMPOUND 1D CONSTANT SPOT 5Y/10Y CURVE PHYS | 339
USD-SOFR-COMPOUND 1D CONSTANT SPOT 10Y/30Y CURVE PHYS | 334
USD-SOFR-OIS COMPOUND 1D CONSTANT SPOT 5Y/30Y CURVE PHYS | 285
USD-SOFR-COMPOUND 1D CONSTANT IMM_U2026 2Y/5Y CURVE PHYS | 285
USD-SOFR-COMPOUND 1D CONSTANT SPOT 2Y/5Y CURVE PHYS | 256
USD-SOFR-OIS COMPOUND 1D CONSTANT IMM_U2026 10Y/30Y CURVE PHYS | 229
USD-SOFR-OIS COMPOUND 1D CONSTANT SPOT 2Y/5Y CURVE PHYS | 207
USD-SOFR-OIS COMPOUND 1D CONSTANT SPOT 5Y/30Y SPREADOVER_CURVE PHYS | 184
USD-SOFR-OIS COMPOUND 1D CONSTANT SPOT 10Y/30Y CURVE PHYS | 172
USD-SOFR-OIS COMPOUND 1D CONSTANT IMM_U2026 5Y/30Y CURVE PHYS | 167
USD-SOFR-OIS COMPOUND 1D CONSTANT IMM_U2026 5Y/10Y CURVE PHYS | 166
USD-SOFR-COMPOUND 1D CONSTANT IMM_U2026 2Y/10Y CURVE PHYS | 160
USD-SOFR-COMPOUND 1D CONSTANT IMM_U2026 5Y/30Y CURVE PHYS | 149
USD-SOFR-COMPOUND 1D CONSTANT SPOT 3Y/5Y CURVE PHYS | 146
USD-SOFR-OIS COMPOUND 1D CONSTANT IMM_M2026 2Y/10Y CURVE PHYS | 145
USD-SOFR-OIS COMPOUND 1D CONSTANT IMM_M2026 10Y/30Y CURVE PHYS | 139
USD-SOFR-COMPOUND 1D CONSTANT IMM_M2026 2Y/5Y CURVE PHYS | 131

